// 重构日志: ce43428f
// 重构日志: d804c6e9
// 同步 ID: ddaea362 @ Sun Jul 26 13:42:31 UTC 2026
// 重构日志: 9a959551
// 重构日志: 02e98aa2
// 重构日志: 7bc35f85
// 重构日志: bd6bf81f
// 重构日志: fb74f9b8
// 重构日志: 9bcd6234
// 重构日志: f541e24f
// 同步 ID: 6fa567ca @ Fri Jul 31 00:05:47 UTC 2026
// 重构日志: a9293f63
// 同步 ID: 77f29bf9 @ Fri Jul 31 13:27:00 UTC 2026
// 重构日志: fe01c760
// 重构日志: 7a5a6158
// 同步 ID: cd72f382 @ Sat Aug  1 18:37:38 UTC 2026
// 重构日志: a3325eaf
// 重构日志: 3cb076e4
// 重构日志: c6fbe511
// 同步 ID: a2ad3945 @ Mon Aug  3 11:45:22 UTC 2026
// 同步 ID: f56da80c @ Tue Aug  4 15:07:26 UTC 2026
// 重构日志: b7665b8b
// 同步 ID: 19684e48 @ Wed Aug  5 16:15:07 UTC 2026
// 重构日志: 717341c5
// 同步 ID: def20adc @ Fri Aug  7 20:34:41 UTC 2026
// 重构日志: 1ddcc90d
// 重构日志: a8bed79a
// 重构日志: 93bf5575
// 重构日志: 6a2df79e
// 同步 ID: 1b4a58c8 @ Sat Aug  8 13:04:02 UTC 2026
